Archive member included to satisfy reference by file (symbol)

D:/pnx/arm-none-eabi/arm-gnu-toolchain-13.3.rel1-mingw-w64-i686-arm-none-eabi/bin/../lib/gcc/arm-none-eabi/13.3.1/thumb/v7e-m+fp/hard\libgcc.a(_aeabi_uldivmod.o)
                              cmake/stm32cubemx/CMakeFiles/STM32_Drivers.dir/__/__/Drivers/STM32F4xx_HAL_Driver/Src/stm32f4xx_hal_rcc.c.obj (__aeabi_uldivmod)
D:/pnx/arm-none-eabi/arm-gnu-toolchain-13.3.rel1-mingw-w64-i686-arm-none-eabi/bin/../lib/gcc/arm-none-eabi/13.3.1/thumb/v7e-m+fp/hard\libgcc.a(_udivmoddi4.o)
                              D:/pnx/arm-none-eabi/arm-gnu-toolchain-13.3.rel1-mingw-w64-i686-arm-none-eabi/bin/../lib/gcc/arm-none-eabi/13.3.1/thumb/v7e-m+fp/hard\libgcc.a(_aeabi_uldivmod.o) (__udivmoddi4)
D:/pnx/arm-none-eabi/arm-gnu-toolchain-13.3.rel1-mingw-w64-i686-arm-none-eabi/bin/../lib/gcc/arm-none-eabi/13.3.1/thumb/v7e-m+fp/hard\libgcc.a(_dvmd_tls.o)
                              D:/pnx/arm-none-eabi/arm-gnu-toolchain-13.3.rel1-mingw-w64-i686-arm-none-eabi/bin/../lib/gcc/arm-none-eabi/13.3.1/thumb/v7e-m+fp/hard\libgcc.a(_aeabi_uldivmod.o) (__aeabi_ldiv0)
D:/pnx/arm-none-eabi/arm-gnu-toolchain-13.3.rel1-mingw-w64-i686-arm-none-eabi/bin/../lib/gcc/arm-none-eabi/13.3.1/thumb/v7e-m+fp/hard\libg_nano.a(libc_a-exit.o)
                              D:/pnx/arm-none-eabi/arm-gnu-toolchain-13.3.rel1-mingw-w64-i686-arm-none-eabi/bin/../lib/gcc/arm-none-eabi/13.3.1/thumb/v7e-m+fp/hard/crt0.o (exit)
D:/pnx/arm-none-eabi/arm-gnu-toolchain-13.3.rel1-mingw-w64-i686-arm-none-eabi/bin/../lib/gcc/arm-none-eabi/13.3.1/thumb/v7e-m+fp/hard\libg_nano.a(libc_a-findfp.o)
                              D:/pnx/arm-none-eabi/arm-gnu-toolchain-13.3.rel1-mingw-w64-i686-arm-none-eabi/bin/../lib/gcc/arm-none-eabi/13.3.1/thumb/v7e-m+fp/hard\libg_nano.a(libc_a-exit.o) (__stdio_exit_handler)
D:/pnx/arm-none-eabi/arm-gnu-toolchain-13.3.rel1-mingw-w64-i686-arm-none-eabi/bin/../lib/gcc/arm-none-eabi/13.3.1/thumb/v7e-m+fp/hard\libg_nano.a(libc_a-fwalk.o)
                              D:/pnx/arm-none-eabi/arm-gnu-toolchain-13.3.rel1-mingw-w64-i686-arm-none-eabi/bin/../lib/gcc/arm-none-eabi/13.3.1/thumb/v7e-m+fp/hard\libg_nano.a(libc_a-findfp.o) (_fwalk_sglue)
D:/pnx/arm-none-eabi/arm-gnu-toolchain-13.3.rel1-mingw-w64-i686-arm-none-eabi/bin/../lib/gcc/arm-none-eabi/13.3.1/thumb/v7e-m+fp/hard\libg_nano.a(libc_a-stdio.o)
                              D:/pnx/arm-none-eabi/arm-gnu-toolchain-13.3.rel1-mingw-w64-i686-arm-none-eabi/bin/../lib/gcc/arm-none-eabi/13.3.1/thumb/v7e-m+fp/hard\libg_nano.a(libc_a-findfp.o) (__sread)
D:/pnx/arm-none-eabi/arm-gnu-toolchain-13.3.rel1-mingw-w64-i686-arm-none-eabi/bin/../lib/gcc/arm-none-eabi/13.3.1/thumb/v7e-m+fp/hard\libg_nano.a(libc_a-memset.o)
                              D:/pnx/arm-none-eabi/arm-gnu-toolchain-13.3.rel1-mingw-w64-i686-arm-none-eabi/bin/../lib/gcc/arm-none-eabi/13.3.1/thumb/v7e-m+fp/hard/crt0.o (memset)
D:/pnx/arm-none-eabi/arm-gnu-toolchain-13.3.rel1-mingw-w64-i686-arm-none-eabi/bin/../lib/gcc/arm-none-eabi/13.3.1/thumb/v7e-m+fp/hard\libg_nano.a(libc_a-closer.o)
                              D:/pnx/arm-none-eabi/arm-gnu-toolchain-13.3.rel1-mingw-w64-i686-arm-none-eabi/bin/../lib/gcc/arm-none-eabi/13.3.1/thumb/v7e-m+fp/hard\libg_nano.a(libc_a-stdio.o) (_close_r)
D:/pnx/arm-none-eabi/arm-gnu-toolchain-13.3.rel1-mingw-w64-i686-arm-none-eabi/bin/../lib/gcc/arm-none-eabi/13.3.1/thumb/v7e-m+fp/hard\libg_nano.a(libc_a-reent.o)
                              D:/pnx/arm-none-eabi/arm-gnu-toolchain-13.3.rel1-mingw-w64-i686-arm-none-eabi/bin/../lib/gcc/arm-none-eabi/13.3.1/thumb/v7e-m+fp/hard\libg_nano.a(libc_a-closer.o) (errno)
D:/pnx/arm-none-eabi/arm-gnu-toolchain-13.3.rel1-mingw-w64-i686-arm-none-eabi/bin/../lib/gcc/arm-none-eabi/13.3.1/thumb/v7e-m+fp/hard\libg_nano.a(libc_a-impure.o)
                              D:/pnx/arm-none-eabi/arm-gnu-toolchain-13.3.rel1-mingw-w64-i686-arm-none-eabi/bin/../lib/gcc/arm-none-eabi/13.3.1/thumb/v7e-m+fp/hard\libg_nano.a(libc_a-reent.o) (_impure_ptr)
D:/pnx/arm-none-eabi/arm-gnu-toolchain-13.3.rel1-mingw-w64-i686-arm-none-eabi/bin/../lib/gcc/arm-none-eabi/13.3.1/thumb/v7e-m+fp/hard\libg_nano.a(libc_a-lseekr.o)
                              D:/pnx/arm-none-eabi/arm-gnu-toolchain-13.3.rel1-mingw-w64-i686-arm-none-eabi/bin/../lib/gcc/arm-none-eabi/13.3.1/thumb/v7e-m+fp/hard\libg_nano.a(libc_a-stdio.o) (_lseek_r)
D:/pnx/arm-none-eabi/arm-gnu-toolchain-13.3.rel1-mingw-w64-i686-arm-none-eabi/bin/../lib/gcc/arm-none-eabi/13.3.1/thumb/v7e-m+fp/hard\libg_nano.a(libc_a-readr.o)
                              D:/pnx/arm-none-eabi/arm-gnu-toolchain-13.3.rel1-mingw-w64-i686-arm-none-eabi/bin/../lib/gcc/arm-none-eabi/13.3.1/thumb/v7e-m+fp/hard\libg_nano.a(libc_a-stdio.o) (_read_r)
D:/pnx/arm-none-eabi/arm-gnu-toolchain-13.3.rel1-mingw-w64-i686-arm-none-eabi/bin/../lib/gcc/arm-none-eabi/13.3.1/thumb/v7e-m+fp/hard\libg_nano.a(libc_a-writer.o)
[...]
Memory Configuration

Name             Origin             Length             Attributes
RAM              0x20000000         0x00020000         xrw
CCMRAM           0x10000000         0x00010000         xrw
FLASH            0x08000000         0x00100000         xr
*default*        0x00000000         0xffffffff

Linker script and memory map

LOAD D:/pnx/arm-none-eabi/arm-gnu-toolchain-13.3.rel1-mingw-w64-i686-arm-none-eabi/bin/../lib/gcc/arm-none-eabi/13.3.1/thumb/v7e-m+fp/hard/crti.o
LOAD D:/pnx/arm-none-eabi/arm-gnu-toolchain-13.3.rel1-mingw-w64-i686-arm-none-eabi/bin/../lib/gcc/arm-none-eabi/13.3.1/thumb/v7e-m+fp/hard/crtbegin.o
LOAD D:/pnx/arm-none-eabi/arm-gnu-toolchain-13.3.rel1-mingw-w64-i686-arm-none-eabi/bin/../lib/gcc/arm-none-eabi/13.3.1/thumb/v7e-m+fp/hard/crt0.o
LOAD cmake/stm32cubemx/CMakeFiles/STM32_Drivers.dir/__/__/Core/Src/system_stm32f4xx.c.obj
LOAD cmake/stm32cubemx/CMakeFiles/STM32_Drivers.dir/__/__/Drivers/STM32F4xx_HAL_Driver/Src/stm32f4xx_hal_tim.c.obj
LOAD cmake/stm32cubemx/CMakeFiles/STM32_Drivers.dir/__/__/Drivers/STM32F4xx_HAL_Driver/Src/stm32f4xx_hal_tim_ex.c.obj
LOAD cmake/stm32cubemx/CMakeFiles/STM32_Drivers.dir/__/__/Drivers/STM32F4xx_HAL_Driver/Src/stm32f4xx_hal_rcc.c.obj
LOAD cmake/stm32cubemx/CMakeFiles/STM32_Drivers.dir/__/__/Drivers/STM32F4xx_HAL_Driver/Src/stm32f4xx_hal_rcc_ex.c.obj
LOAD cmake/stm32cubemx/CMakeFiles/STM32_Drivers.dir/__/__/Drivers/STM32F4xx_HAL_Driver/Src/stm32f4xx_hal_flash.c.obj
LOAD cmake/stm32cubemx/CMakeFiles/STM32_Drivers.dir/__/__/Drivers/STM32F4xx_HAL_Driver/Src/stm32f4xx_hal_flash_ex.c.obj
LOAD cmake/stm32cubemx/CMakeFiles/STM32_Drivers.dir/__/__/Drivers/STM32F4xx_HAL_Driver/Src/stm32f4xx_hal_flash_ramfunc.c.obj
LOAD cmake/stm32cubemx/CMakeFiles/STM32_Drivers.dir/__/__/Drivers/STM32F4xx_HAL_Driver/Src/stm32f4xx_hal_gpio.c.obj
LOAD cmake/stm32cubemx/CMakeFiles/STM32_Drivers.dir/__/__/Drivers/STM32F4xx_HAL_Driver/Src/stm32f4xx_hal_dma_ex.c.obj
LOAD cmake/stm32cubemx/CMakeFiles/STM32_Drivers.dir/__/__/Drivers/STM32F4xx_HAL_Driver/Src/stm32f4xx_hal_dma.c.obj
LOAD cmake/stm32cubemx/CMakeFiles/STM32_Drivers.dir/__/__/Drivers/STM32F4xx_HAL_Driver/Src/stm32f4xx_hal_pwr.c.obj
LOAD cmake/stm32cubemx/CMakeFiles/STM32_Drivers.dir/__/__/Drivers/STM32F4xx_HAL_Driver/Src/stm32f4xx_hal_pwr_ex.c.obj
LOAD cmake/stm32cubemx/CMakeFiles/STM32_Drivers.dir/__/__/Drivers/STM32F4xx_HAL_Driver/Src/stm32f4xx_hal_cortex.c.obj
LOAD cmake/stm32cubemx/CMakeFiles/STM32_Drivers.dir/__/__/Drivers/STM32F4xx_HAL_Driver/Src/stm32f4xx_hal.c.obj
LOAD cmake/stm32cubemx/CMakeFiles/STM32_Drivers.dir/__/__/Drivers/STM32F4xx_HAL_Driver/Src/stm32f4xx_hal_exti.c.obj
LOAD CMakeFiles/board.dir/Core/Src/main.c.obj
LOAD CMakeFiles/board.dir/Core/Src/gpio.c.obj
LOAD CMakeFiles/board.dir/Core/Src/tim.c.obj
LOAD CMakeFiles/board.dir/Core/Src/stm32f4xx_it.c.obj
LOAD CMakeFiles/board.dir/Core/Src/stm32f4xx_hal_msp.c.obj
LOAD CMakeFiles/board.dir/Core/Src/sysmem.c.obj
LOAD CMakeFiles/board.dir/Core/Src/syscalls.c.obj
LOAD CMakeFiles/board.dir/startup_stm32f407xx.s.obj
LOAD D:/pnx/arm-none-eabi/arm-gnu-toolchain-13.3.rel1-mingw-w64-i686-arm-none-eabi/bin/../lib/gcc/arm-none-eabi/13.3.1/thumb/v7e-m+fp/hard\libm.a
START GROUP
LOAD D:/pnx/arm-none-eabi/arm-gnu-toolchain-13.3.rel1-mingw-w64-i686-arm-none-eabi/bin/../lib/gcc/arm-none-eabi/13.3.1/thumb/v7e-m+fp/hard\libgcc.a
LOAD D:/pnx/arm-none-eabi/arm-gnu-toolchain-13.3.rel1-mingw-w64-i686-arm-none-eabi/bin/../lib/gcc/arm-none-eabi/13.3.1/thumb/v7e-m+fp/hard\libg_nano.a
LOAD D:/pnx/arm-none-eabi/arm-gnu-toolchain-13.3.rel1-mingw-w64-i686-arm-none-eabi/bin/../lib/gcc/arm-none-eabi/13.3.1/thumb/v7e-m+fp/hard\libc_nano.a
END GROUP
START GROUP
LOAD D:/pnx/arm-none-eabi/arm-gnu-toolchain-13.3.rel1-mingw-w64-i686-arm-none-eabi/bin/../lib/gcc/arm-none-eabi/13.3.1/thumb/v7e-m+fp/hard\libgcc.a
LOAD D:/pnx/arm-none-eabi/arm-gnu-toolchain-13.3.rel1-mingw-w64-i686-arm-none-eabi/bin/../lib/gcc/arm-none-eabi/13.3.1/thumb/v7e-m+fp/hard\libc_nano.a
END GROUP
LOAD D:/pnx/arm-none-eabi/arm-gnu-toolchain-13.3.rel1-mingw-w64-i686-arm-none-eabi/bin/../lib/gcc/arm-none-eabi/13.3.1/thumb/v7e-m+fp/hard/crtend.o
LOAD D:/pnx/arm-none-eabi/arm-gnu-toolchain-13.3.rel1-mingw-w64-i686-arm-none-eabi/bin/../lib/gcc/arm-none-eabi/13.3.1/thumb/v7e-m+fp/hard/crtn.o
                0x20020000                        _estack = (ORIGIN (RAM) + LENGTH (RAM))
                0x00000200                        _Min_Heap_Size = 0x200
                0x00000400                        _Min_Stack_Size = 0x400

.isr_vector     0x08000000      0x188
                0x08000000                        . = ALIGN (0x4)
 *(.isr_vector)
 .isr_vector    0x08000000      0x188 CMakeFiles/board.dir/startup_stm32f407xx.s.obj
                0x08000000                g_pfnVectors
                0x08000188                        . = ALIGN (0x4)

.text           0x08000188     0x235c
                0x08000188                        . = ALIGN (0x4)
 *(.text)
 .text          0x08000188       0x30 D:/pnx/arm-none-eabi/arm-gnu-toolchain-13.3.rel1-mingw-w64-i686-arm-none-eabi/bin/../lib/gcc/arm-none-eabi/13.3.1/thumb/v7e-m+fp/hard\libgcc.a(_aeabi_uldivmod.o)
                0x08000188                __aeabi_uldivmod
 .text          0x080001b8        0x4 D:/pnx/arm-none-eabi/arm-gnu-toolchain-13.3.rel1-mingw-w64-i686-arm-none-eabi/bin/../lib/gcc/arm-none-eabi/13.3.1/thumb/v7e-m+fp/hard\libgcc.a(_dvmd_tls.o)
                0x080001b8                __aeabi_idiv0
                0x080001b8                __aeabi_ldiv0
 *(.text*)
 .text.deregister_tm_clones
                0x080001bc       0x1c D:/pnx/arm-none-eabi/arm-gnu-toolchain-13.3.rel1-mingw-w64-i686-arm-none-eabi/bin/../lib/gcc/arm-none-eabi/13.3.1/thumb/v7e-m+fp/hard/crtbegin.o
 .text.register_tm_clones
                0x080001d8       0x24 D:/pnx/arm-none-eabi/arm-gnu-toolchain-13.3.rel1-mingw-w64-i686-arm-none-eabi/bin/../lib/gcc/arm-none-eabi/13.3.1/thumb/v7e-m+fp/hard/crtbegin.o
 .text.__do_global_dtors_aux
                0x080001fc       0x28 D:/pnx/arm-none-eabi/arm-gnu-toolchain-13.3.rel1-mingw-w64-i686-arm-none-eabi/bin/../lib/gcc/arm-none-eabi/13.3.1/thumb/v7e-m+fp/hard/crtbegin.o
 .text.frame_dummy
                0x08000224       0x24 D:/pnx/arm-none-eabi/arm-gnu-toolchain-13.3.rel1-mingw-w64-i686-arm-none-eabi/bin/../lib/gcc/arm-none-eabi/13.3.1/thumb/v7e-m+fp/hard/crtbegin.o
 .text.SystemInit
                0x08000248       0x24 cmake/stm32cubemx/CMakeFiles/STM32_Drivers.dir/__/__/Core/Src/system_stm32f4xx.c.obj
                0x08000248                SystemInit
 .text.HAL_TIM_Base_Init
                0x0800026c       0x9e cmake/stm32cubemx/CMakeFiles/STM32_Drivers.dir/__/__/Drivers/STM32F4xx_HAL_Driver/Src/stm32f4xx_hal_tim.c.obj
                0x0800026c                HAL_TIM_Base_Init
 .text.HAL_TIM_PWM_Init
                0x0800030a       0x9e cmake/stm32cubemx/CMakeFiles/STM32_Drivers.dir/__/__/Drivers/STM32F4xx_HAL_Driver/Src/stm32f4xx_hal_tim.c.obj
                0x0800030a                HAL_TIM_PWM_Init
 .text.HAL_TIM_PWM_MspInit
                0x080003a8       0x14 cmake/stm32cubemx/CMakeFiles/STM32_Drivers.dir/__/__/Drivers/STM32F4xx_HAL_Driver/Src/stm32f4xx_hal_tim.c.obj
                0x080003a8                HAL_TIM_PWM_MspInit
 .text.HAL_TIM_PWM_Start
                0x080003bc      0x190 cmake/stm32cubemx/CMakeFiles/STM32_Drivers.dir/__/__/Drivers/STM32F4xx_HAL_Driver/Src/stm32f4xx_hal_tim.c.obj
                0x080003bc                HAL_TIM_PWM_Start
 .text.HAL_TIM_PWM_ConfigChannel
                0x0800054c      0x184 cmake/stm32cubemx/CMakeFiles/STM32_Drivers.dir/__/__/Drivers/STM32F4xx_HAL_Driver/Src/stm32f4xx_hal_tim.c.obj
                0x0800054c                HAL_TIM_PWM_ConfigChannel
 .text.HAL_TIM_ConfigClockSource
                0x080006d0      0x18e cmake/stm32cubemx/CMakeFiles/STM32_Drivers.dir/__/__/Drivers/STM32F4xx_HAL_Driver/Src/stm32f4xx_hal_tim.c.obj
                0x080006d0                HAL_TIM_ConfigClockSource
 *fill*         0x0800085e        0x2 
 .text.TIM_Base_SetConfig
                0x08000860      0x14c cmake/stm32cubemx/CMakeFiles/STM32_Drivers.dir/__/__/Drivers/STM32F4xx_HAL_Driver/Src/stm32f4xx_hal_tim.c.obj
                0x08000860                TIM_Base_SetConfig
 .text.TIM_OC1_SetConfig
                0x080009ac       0xe0 cmake/stm32cubemx/CMakeFiles/STM32_Drivers.dir/__/__/Drivers/STM32F4xx_HAL_Driver/Src/stm32f4xx_hal_tim.c.obj
 .text.TIM_OC2_SetConfig
                0x08000a8c       0xec cmake/stm32cubemx/CMakeFiles/STM32_Drivers.dir/__/__/Drivers/STM32F4xx_HAL_Driver/Src/stm32f4xx_hal_tim.c.obj
                0x08000a8c                TIM_OC2_SetConfig
 .text.TIM_OC3_SetConfig
                0x08000b78       0xe8 cmake/stm32cubemx/CMakeFiles/STM32_Drivers.dir/__/__/Drivers/STM32F4xx_HAL_Driver/Src/stm32f4xx_hal_tim.c.obj
 .text.TIM_OC4_SetConfig
                0x08000c60       0xac cmake/stm32cubemx/CMakeFiles/STM32_Drivers.dir/__/__/Drivers/STM32F4xx_HAL_Driver/Src/stm32f4xx_hal_tim.c.obj
 .text.TIM_TI1_ConfigInputStage
                0x08000d0c       0x5e cmake/stm32cubemx/CMakeFiles/STM32_Drivers.dir/__/__/Drivers/STM32F4xx_HAL_Driver/Src/stm32f4xx_hal_tim.c.obj
 .text.TIM_TI2_ConfigInputStage
                0x08000d6a       0x60 cmake/stm32cubemx/CMakeFiles/STM32_Drivers.dir/__/__/Drivers/STM32F4xx_HAL_Driver/Src/stm32f4xx_hal_tim.c.obj
 .text.TIM_ITRx_SetConfig
                0x08000dca       0x36 cmake/stm32cubemx/CMakeFiles/STM32_Drivers.dir/__/__/Drivers/STM32F4xx_HAL_Driver/Src/stm32f4xx_hal_tim.c.obj
 .text.TIM_ETR_SetConfig
                0x08000e00       0x40 cmake/stm32cubemx/CMakeFiles/STM32_Drivers.dir/__/__/Drivers/STM32F4xx_HAL_Driver/Src/stm32f4xx_hal_tim.c.obj
                0x08000e00                TIM_ETR_SetConfig
 .text.TIM_CCxChannelCmd
                0x08000e40       0x4a cmake/stm32cubemx/CMakeFiles/STM32_Drivers.dir/__/__/Drivers/STM32F4xx_HAL_Driver/Src/stm32f4xx_hal_tim.c.obj
                0x08000e40                TIM_CCxChannelCmd
 *fill*         0x08000e8a        0x2 
 .text.HAL_RCC_OscConfig
                0x08000e8c      0x4f0 cmake/stm32cubemx/CMakeFiles/STM32_Drivers.dir/__/__/Drivers/STM32F4xx_HAL_Driver/Src/stm32f4xx_hal_rcc.c.obj
                0x08000e8c                HAL_RCC_OscConfig
 .text.HAL_RCC_ClockConfig
                0x0800137c      0x1cc cmake/stm32cubemx/CMakeFiles/STM32_Drivers.dir/__/__/Drivers/STM32F4xx_HAL_Driver/Src/stm32f4xx_hal_rcc.c.obj
                0x0800137c                HAL_RCC_ClockConfig
 .text.HAL_RCC_GetSysClockFreq
                0x08001548      0x20c cmake/stm32cubemx/CMakeFiles/STM32_Drivers.dir/__/__/Drivers/STM32F4xx_HAL_Driver/Src/stm32f4xx_hal_rcc.c.obj
                0x08001548                HAL_RCC_GetSysClockFreq
 .text.HAL_GPIO_Init
                0x08001754      0x338 cmake/stm32cubemx/CMakeFiles/STM32_Drivers.dir/__/__/Drivers/STM32F4xx_HAL_Driver/Src/stm32f4xx_hal_gpio.c.obj
                0x08001754                HAL_GPIO_Init
 .text.__NVIC_SetPriorityGrouping
                0x08001a8c       0x48 cmake/stm32cubemx/CMakeFiles/STM32_Drivers.dir/__/__/Drivers/STM32F4xx_HAL_Driver/Src/stm32f4xx_hal_cortex.c.obj
 .text.__NVIC_GetPriorityGrouping
                0x08001ad4       0x1c cmake/stm32cubemx/CMakeFiles/STM32_Drivers.dir/__/__/Drivers/STM32F4xx_HAL_Driver/Src/stm32f4xx_hal_cortex.c.obj
 .text.__NVIC_SetPriority
                0x08001af0       0x54 cmake/stm32cubemx/CMakeFiles/STM32_Drivers.dir/__/__/Drivers/STM32F4xx_HAL_Driver/Src/stm32f4xx_hal_cortex.c.obj
 .text.NVIC_EncodePriority
                0x08001b44       0x66 cmake/stm32cubemx/CMakeFiles/STM32_Drivers.dir/__/__/Drivers/STM32F4xx_HAL_Driver/Src/stm32f4xx_hal_cortex.c.obj
 *fill*         0x08001baa        0x2 
 .text.SysTick_Config
                0x08001bac       0x44 cmake/stm32cubemx/CMakeFiles/STM32_Drivers.dir/__/__/Drivers/STM32F4xx_HAL_Driver/Src/stm32f4xx_hal_cortex.c.obj
 .text.HAL_NVIC_SetPriorityGrouping
                0x08001bf0       0x16 cmake/stm32cubemx/CMakeFiles/STM32_Drivers.dir/__/__/Drivers/STM32F4xx_HAL_Driver/Src/stm32f4xx_hal_cortex.c.obj
                0x08001bf0                HAL_NVIC_SetPriorityGrouping
 .text.HAL_NVIC_SetPriority
                0x08001c06       0x38 cmake/stm32cubemx/CMakeFiles/STM32_Drivers.dir/__/__/Drivers/STM32F4xx_HAL_Driver/Src/stm32f4xx_hal_cortex.c.obj
                0x08001c06                HAL_NVIC_SetPriority
 .text.HAL_SYSTICK_Config
                0x08001c3e       0x18 cmake/stm32cubemx/CMakeFiles/STM32_Drivers.dir/__/__/Drivers/STM32F4xx_HAL_Driver/Src/stm32f4xx_hal_cortex.c.obj
                0x08001c3e                HAL_SYSTICK_Config
 *fill*         0x08001c56        0x2 
 .text.HAL_Init
                0x08001c58       0x44 cmake/stm32cubemx/CMakeFiles/STM32_Drivers.dir/__/__/Drivers/STM32F4xx_HAL_Driver/Src/stm32f4xx_hal.c.obj
                0x08001c58                HAL_Init
 .text.HAL_InitTick
                0x08001c9c       0x60 cmake/stm32cubemx/CMakeFiles/STM32_Drivers.dir/__/__/Drivers/STM32F4xx_HAL_Driver/Src/stm32f4xx_hal.c.obj
                0x08001c9c                HAL_InitTick
 .text.HAL_IncTick
                0x08001cfc       0x28 cmake/stm32cubemx/CMakeFiles/STM32_Drivers.dir/__/__/Drivers/STM32F4xx_HAL_Driver/Src/stm32f4xx_hal.c.obj
                0x08001cfc                HAL_IncTick
 .text.HAL_GetTick
                0x08001d24       0x18 cmake/stm32cubemx/CMakeFiles/STM32_Drivers.dir/__/__/Drivers/STM32F4xx_HAL_Driver/Src/stm32f4xx_hal.c.obj
                0x08001d24                HAL_GetTick
 .text.HAL_Delay
                0x08001d3c       0x48 cmake/stm32cubemx/CMakeFiles/STM32_Drivers.dir/__/__/Drivers/STM32F4xx_HAL_Driver/Src/stm32f4xx_hal.c.obj
                0x08001d3c                HAL_Delay
 .text.main     0x08001d84       0x68 CMakeFiles/board.dir/Core/Src/main.c.obj
                0x08001d84                main
 .text.SystemClock_Config
                0x08001dec       0xd4 CMakeFiles/board.dir/Core/Src/main.c.obj
                0x08001dec                SystemClock_Config
 .text.Error_Handler
                0x08001ec0        0xc CMakeFiles/board.dir/Core/Src/main.c.obj
                0x08001ec0                Error_Handler
 .text.MX_GPIO_Init
                0x08001ecc       0x6c CMakeFiles/board.dir/Core/Src/gpio.c.obj
                0x08001ecc                MX_GPIO_Init
 .text.MX_TIM9_Init
                0x08001f38       0xc4 CMakeFiles/board.dir/Core/Src/tim.c.obj
                0x08001f38                MX_TIM9_Init
 .text.HAL_TIM_Base_MspInit
                0x08001ffc       0x44 CMakeFiles/board.dir/Core/Src/tim.c.obj
                0x08001ffc                HAL_TIM_Base_MspInit
 .text.HAL_TIM_MspPostInit
                0x08002040       0x74 CMakeFiles/board.dir/Core/Src/tim.c.obj
                0x08002040                HAL_TIM_MspPostInit
 .text.NMI_Handler
                0x080020b4        0x8 CMakeFiles/board.dir/Core/Src/stm32f4xx_it.c.obj
                0x080020b4                NMI_Handler
 .text.HardFault_Handler
                0x080020bc        0x8 CMakeFiles/board.dir/Core/Src/stm32f4xx_it.c.obj
                0x080020bc                HardFault_Handler
 .text.MemManage_Handler
                0x080020c4        0x8 CMakeFiles/board.dir/Core/Src/stm32f4xx_it.c.obj
                0x080020c4                MemManage_Handler
 .text.BusFault_Handler
                0x080020cc        0x8 CMakeFiles/board.dir/Core/Src/stm32f4xx_it.c.obj
                0x080020cc                BusFault_Handler
 .text.UsageFault_Handler
                0x080020d4        0x8 CMakeFiles/board.dir/Core/Src/stm32f4xx_it.c.obj
                0x080020d4                UsageFault_Handler
 .text.SVC_Handler
                0x080020dc        0xe CMakeFiles/board.dir/Core/Src/stm32f4xx_it.c.obj
                0x080020dc                SVC_Handler
 .text.DebugMon_Handler
                0x080020ea        0xe CMakeFiles/board.dir/Core/Src/stm32f4xx_it.c.obj
                0x080020ea                DebugMon_Handler
 .text.PendSV_Handler
                0x080020f8        0xe CMakeFiles/board.dir/Core/Src/stm32f4xx_it.c.obj
                0x080020f8                PendSV_Handler
 .text.SysTick_Handler
                0x08002106        0xc CMakeFiles/board.dir/Core/Src/stm32f4xx_it.c.obj
                0x08002106                SysTick_Handler
 *fill*         0x08002112        0x2 
 .text.HAL_MspInit
                0x08002114       0x50 CMakeFiles/board.dir/Core/Src/stm32f4xx_hal_msp.c.obj
                0x08002114                HAL_MspInit
 .text.Reset_Handler
                0x08002164       0x50 CMakeFiles/board.dir/startup_stm32f407xx.s.obj
                0x08002164                Reset_Handler
 .text.Default_Handler
                0x080021b4        0x2 CMakeFiles/board.dir/startup_stm32f407xx.s.obj
                0x080021b4                RTC_Alarm_IRQHandler
                0x080021b4                HASH_RNG_IRQHandler
                0x080021b4                EXTI2_IRQHandler
                0x080021b4                TIM8_CC_IRQHandler
                0x080021b4                TIM1_CC_IRQHandler
                0x080021b4                DMA2_Stream5_IRQHandler
                0x080021b4                DMA1_Stream5_IRQHandler
                0x080021b4                PVD_IRQHandler
                0x080021b4                SDIO_IRQHandler
                0x080021b4                TAMP_STAMP_IRQHandler
                0x080021b4                CAN2_RX1_IRQHandler
                0x080021b4                EXTI3_IRQHandler
                0x080021b4                TIM8_TRG_COM_TIM14_IRQHandler
                0x080021b4                TIM1_UP_TIM10_IRQHandler
                0x080021b4                TIM8_UP_TIM13_IRQHandler
                0x080021b4                I2C3_ER_IRQHandler
                0x080021b4                EXTI0_IRQHandler
                0x080021b4                I2C2_EV_IRQHandler
                0x080021b4                DMA1_Stream2_IRQHandler
                0x080021b4                CAN1_RX0_IRQHandler
                0x080021b4                FPU_IRQHandler
                0x080021b4                OTG_HS_WKUP_IRQHandler
                0x080021b4                CAN2_SCE_IRQHandler
                0x080021b4                DMA2_Stream2_IRQHandler
                0x080021b4                SPI1_IRQHandler
                0x080021b4                TIM6_DAC_IRQHandler
                0x080021b4                TIM1_BRK_TIM9_IRQHandler
                0x080021b4                DCMI_IRQHandler
                0x080021b4                CAN2_RX0_IRQHandler
                0x080021b4                DMA2_Stream3_IRQHandler
                0x080021b4                USART6_IRQHandler
                0x080021b4                USART3_IRQHandler
                0x080021b4                CAN1_RX1_IRQHandler
                0x080021b4                UART5_IRQHandler
                0x080021b4                DMA2_Stream0_IRQHandler
                0x080021b4                TIM4_IRQHandler
                0x080021b4                I2C1_EV_IRQHandler
                0x080021b4                DMA1_Stream6_IRQHandler
                0x080021b4                DMA1_Stream1_IRQHandler
                0x080021b4                UART4_IRQHandler
                0x080021b4                TIM3_IRQHandler
                0x080021b4                RCC_IRQHandler
                0x080021b4                TIM8_BRK_TIM12_IRQHandler
                0x080021b4                Default_Handler
                0x080021b4                EXTI15_10_IRQHandler
                0x080021b4                ADC_IRQHandler
                0x080021b4                DMA1_Stream7_IRQHandler
                0x080021b4                TIM7_IRQHandler
                0x080021b4                CAN2_TX_IRQHandler
                0x080021b4                TIM5_IRQHandler
                0x080021b4                DMA2_Stream7_IRQHandler
                0x080021b4                I2C3_EV_IRQHandler
                0x080021b4                EXTI9_5_IRQHandler
                0x080021b4                RTC_WKUP_IRQHandler
                0x080021b4                ETH_WKUP_IRQHandler
                0x080021b4                SPI2_IRQHandler
                0x080021b4                OTG_HS_EP1_IN_IRQHandler
                0x080021b4                DMA1_Stream0_IRQHandler
                0x080021b4                CAN1_TX_IRQHandler
                0x080021b4                EXTI4_IRQHandler
                0x080021b4                FSMC_IRQHandler
                0x080021b4                ETH_IRQHandler
                0x080021b4                OTG_HS_EP1_OUT_IRQHandler
                0x080021b4                WWDG_IRQHandler
                0x080021b4                TIM2_IRQHandler
                0x080021b4                OTG_FS_WKUP_IRQHandler
                0x080021b4                TIM1_TRG_COM_TIM11_IRQHandler
                0x080021b4                OTG_HS_IRQHandler
                0x080021b4                EXTI1_IRQHandler
                0x080021b4                USART2_IRQHandler
                0x080021b4                I2C2_ER_IRQHandler
                0x080021b4                DMA2_Stream1_IRQHandler
                0x080021b4                CAN1_SCE_IRQHandler
                0x080021b4                FLASH_IRQHandler
                0x080021b4                DMA2_Stream4_IRQHandler
                0x080021b4                USART1_IRQHandler
                0x080021b4                OTG_FS_IRQHandler
                0x080021b4                SPI3_IRQHandler
                0x080021b4                DMA1_Stream4_IRQHandler
                0x080021b4                I2C1_ER_IRQHandler
                0x080021b4                DMA2_Stream6_IRQHandler
                0x080021b4                DMA1_Stream3_IRQHandler
 *fill*         0x080021b6        0x2 
 .text.__udivmoddi4
                0x080021b8      0x2bc D:/pnx/arm-none-eabi/arm-gnu-toolchain-13.3.rel1-mingw-w64-i686-arm-none-eabi/bin/../lib/gcc/arm-none-eabi/13.3.1/thumb/v7e-m+fp/hard\libgcc.a(_udivmoddi4.o)
                0x080021b8                __udivmoddi4
 .text.memset   0x08002474       0x10 D:/pnx/arm-none-eabi/arm-gnu-toolchain-13.3.rel1-mingw-w64-i686-arm-none-eabi/bin/../lib/gcc/arm-none-eabi/13.3.1/thumb/v7e-m+fp/hard\libg_nano.a(libc_a-memset.o)
                0x08002474                memset
 .text.__libc_init_array
                0x08002484       0x48 D:/pnx/arm-none-eabi/arm-gnu-toolchain-13.3.rel1-mingw-w64-i686-arm-none-eabi/bin/../lib/gcc/arm-none-eabi/13.3.1/thumb/v7e-m+fp/hard\libg_nano.a(libc_a-init.o)
                0x08002484                __libc_init_array
 *(.glue_7)
 .glue_7        0x080024cc        0x0 linker stubs
 *(.glue_7t)
 .glue_7t       0x080024cc        0x0 linker stubs
 *(.eh_frame)
 .eh_frame      0x080024cc        0x0 D:/pnx/arm-none-eabi/arm-gnu-toolchain-13.3.rel1-mingw-w64-i686-arm-none-eabi/bin/../lib/gcc/arm-none-eabi/13.3.1/thumb/v7e-m+fp/hard/crtbegin.o
 *(.init)
 .init          0x080024cc        0x4 D:/pnx/arm-none-eabi/arm-gnu-toolchain-13.3.rel1-mingw-w64-i686-arm-none-eabi/bin/../lib/gcc/arm-none-eabi/13.3.1/thumb/v7e-m+fp/hard/crti.o
                0x080024cc                _init
 .init          0x080024d0        0x8 D:/pnx/arm-none-eabi/arm-gnu-toolchain-13.3.rel1-mingw-w64-i686-arm-none-eabi/bin/../lib/gcc/arm-none-eabi/13.3.1/thumb/v7e-m+fp/hard/crtn.o
 *(.fini)
 .fini          0x080024d8        0x4 D:/pnx/arm-none-eabi/arm-gnu-toolchain-13.3.rel1-mingw-w64-i686-arm-none-eabi/bin/../lib/gcc/arm-none-eabi/13.3.1/thumb/v7e-m+fp/hard/crti.o
                0x080024d8                _fini
 .fini          0x080024dc        0x8 D:/pnx/arm-none-eabi/arm-gnu-toolchain-13.3.rel1-mingw-w64-i686-arm-none-eabi/bin/../lib/gcc/arm-none-eabi/13.3.1/thumb/v7e-m+fp/hard/crtn.o
                0x080024e4                        . = ALIGN (0x4)
                0x080024e4                        _etext = .

.vfp11_veneer   0x080024e4        0x0
 .vfp11_veneer  0x080024e4        0x0 linker stubs

.v4_bx          0x080024e4        0x0
 .v4_bx         0x080024e4        0x0 linker stubs

.iplt           0x080024e4        0x0
 .iplt          0x080024e4        0x0 D:/pnx/arm-none-eabi/arm-gnu-toolchain-13.3.rel1-mingw-w64-i686-arm-none-eabi/bin/../lib/gcc/arm-none-eabi/13.3.1/thumb/v7e-m+fp/hard/crtbegin.o

.rodata         0x080024e4       0x10
                0x080024e4                        . = ALIGN (0x4)
 *(.rodata)
 *(.rodata*)
 .rodata.AHBPrescTable
                0x080024e4       0x10 cmake/stm32cubemx/CMakeFiles/STM32_Drivers.dir/__/__/Core/Src/system_stm32f4xx.c.obj
                0x080024e4                AHBPrescTable
                0x080024f4                        . = ALIGN (0x4)

.ARM.extab      0x080024f4        0x0
                0x080024f4                        . = ALIGN (0x4)
 *(.ARM.extab* .gnu.linkonce.armextab.*)
                0x080024f4                        . = ALIGN (0x4)

.ARM            0x080024f4        0x8
                0x080024f4                        . = ALIGN (0x4)
                0x080024f4                        __exidx_start = .
 *(.ARM.exidx*)
 .ARM.exidx.text.__udivmoddi4
                0x080024f4        0x8 D:/pnx/arm-none-eabi/arm-gnu-toolchain-13.3.rel1-mingw-w64-i686-arm-none-eabi/bin/../lib/gcc/arm-none-eabi/13.3.1/thumb/v7e-m+fp/hard\libgcc.a(_udivmoddi4.o)
                0x080024fc                        __exidx_end = .
                0x080024fc                        . = ALIGN (0x4)

.preinit_array  0x080024fc        0x0
                0x080024fc                        . = ALIGN (0x4)
                0x080024fc                        PROVIDE (__preinit_array_start = .)
 *(.preinit_array*)
                0x080024fc                        PROVIDE (__preinit_array_end = .)
                0x080024fc                        . = ALIGN (0x4)

.init_array     0x080024fc        0x4
                0x080024fc                        . = ALIGN (0x4)
                0x080024fc                        PROVIDE (__init_array_start = .)
 *(SORT_BY_NAME(.init_array.*))
 *(.init_array*)
 .init_array    0x080024fc        0x4 D:/pnx/arm-none-eabi/arm-gnu-toolchain-13.3.rel1-mingw-w64-i686-arm-none-eabi/bin/../lib/gcc/arm-none-eabi/13.3.1/thumb/v7e-m+fp/hard/crtbegin.o
                0x08002500                        PROVIDE (__init_array_end = .)
                0x08002500                        . = ALIGN (0x4)

.fini_array     0x08002500        0x4
                0x08002500                        . = ALIGN (0x4)
                [!provide]                        PROVIDE (__fini_array_start = .)
 *(SORT_BY_NAME(.fini_array.*))
 *(.fini_array*)
 .fini_array    0x08002500        0x4 D:/pnx/arm-none-eabi/arm-gnu-toolchain-13.3.rel1-mingw-w64-i686-arm-none-eabi/bin/../lib/gcc/arm-none-eabi/13.3.1/thumb/v7e-m+fp/hard/crtbegin.o
                [!provide]                        PROVIDE (__fini_array_end = .)
                0x08002504                        . = ALIGN (0x4)
                0x08002504                        _siccmram = LOADADDR (.ccmram)

.rel.dyn        0x08002504        0x0
 .rel.iplt      0x08002504        0x0 D:/pnx/arm-none-eabi/arm-gnu-toolchain-13.3.rel1-mingw-w64-i686-arm-none-eabi/bin/../lib/gcc/arm-none-eabi/13.3.1/thumb/v7e-m+fp/hard/crtbegin.o

.ccmram         0x10000000        0x0 load address 0x08002504
                0x10000000                        . = ALIGN (0x4)
                0x10000000                        _sccmram = .
 *(.ccmram)
 *(.ccmram*)
                0x10000000                        . = ALIGN (0x4)
                0x10000000                        _eccmram = .
                0x08002504                        _sidata = LOADADDR (.data)

.data           0x20000000        0xc load address 0x08002504
                0x20000000                        . = ALIGN (0x4)
                0x20000000                        _sdata = .
 *(.data)
 *(.data*)
 .data.SystemCoreClock
                0x20000000        0x4 cmake/stm32cubemx/CMakeFiles/STM32_Drivers.dir/__/__/Core/Src/system_stm32f4xx.c.obj
                0x20000000                SystemCoreClock
 .data.uwTickPrio
                0x20000004        0x4 cmake/stm32cubemx/CMakeFiles/STM32_Drivers.dir/__/__/Drivers/STM32F4xx_HAL_Driver/Src/stm32f4xx_hal.c.obj
                0x20000004                uwTickPrio
 .data.uwTickFreq
                0x20000008        0x1 cmake/stm32cubemx/CMakeFiles/STM32_Drivers.dir/__/__/Drivers/STM32F4xx_HAL_Driver/Src/stm32f4xx_hal.c.obj
                0x20000008                uwTickFreq
 *(.RamFunc)
 *(.RamFunc*)
                0x2000000c                        . = ALIGN (0x4)
 *fill*         0x20000009        0x3 

.tm_clone_table
                0x2000000c        0x0 load address 0x08002510
 .tm_clone_table
                0x2000000c        0x0 D:/pnx/arm-none-eabi/arm-gnu-toolchain-13.3.rel1-mingw-w64-i686-arm-none-eabi/bin/../lib/gcc/arm-none-eabi/13.3.1/thumb/v7e-m+fp/hard/crtbegin.o
 .tm_clone_table
                0x2000000c        0x0 D:/pnx/arm-none-eabi/arm-gnu-toolchain-13.3.rel1-mingw-w64-i686-arm-none-eabi/bin/../lib/gcc/arm-none-eabi/13.3.1/thumb/v7e-m+fp/hard/crtend.o

.igot.plt       0x2000000c        0x0 load address 0x08002510
 .igot.plt      0x2000000c        0x0 D:/pnx/arm-none-eabi/arm-gnu-toolchain-13.3.rel1-mingw-w64-i686-arm-none-eabi/bin/../lib/gcc/arm-none-eabi/13.3.1/thumb/v7e-m+fp/hard/crtbegin.o

.tdata          0x2000000c        0x0 load address 0x08002510
 *(.tdata .tdata.* .gnu.linkonce.td.*)
                0x2000000c                        . = ALIGN (0x4)
                0x2000000c                        _edata = .
                [!provide]                        PROVIDE (__data_end = .)
                [!provide]                        PROVIDE (__tdata_end = .)
                [!provide]                        PROVIDE (__tdata_start = ADDR (.tdata))
                [!provide]                        PROVIDE (__tdata_size = (__tdata_end - __tdata_start))
                [!provide]                        PROVIDE (__data_start = ADDR (.data))
                [!provide]                        PROVIDE (__data_size = (__data_end - __data_start))
                [!provide]                        PROVIDE (__tdata_source = LOADADDR (.tdata))
                [!provide]                        PROVIDE (__tdata_source_end = (LOADADDR (.tdata) + SIZEOF (.tdata)))
                [!provide]                        PROVIDE (__tdata_source_size = (__tdata_source_end - __tdata_source))
                [!provide]                        PROVIDE (__data_source = LOADADDR (.data))
                [!provide]                        PROVIDE (__data_source_end = __tdata_source_end)
                [!provide]                        PROVIDE (__data_source_size = (__data_source_end - __data_source))

.tbss           0x2000000c        0x0 load address 0x08002510
                0x2000000c                        _sbss = .
                0x2000000c                        __bss_start__ = _sbss
 *(.tbss .tbss.*)
                0x2000000c                        . = ALIGN (0x4)
                [!provide]                        PROVIDE (__tbss_end = .)
                [!provide]                        PROVIDE (__tbss_start = ADDR (.tbss))
                [!provide]                        PROVIDE (__tbss_size = (__tbss_end - __tbss_start))
                [!provide]                        PROVIDE (__tbss_offset = (ADDR (.tbss) - ADDR (.tdata)))
                [!provide]                        PROVIDE (__tls_base = __tdata_start)
                [!provide]                        PROVIDE (__tls_end = __tbss_end)
                [!provide]                        PROVIDE (__tls_size = (__tls_end - __tls_base))
                [!provide]                        PROVIDE (__tls_align = MAX (ALIGNOF (.tdata), ALIGNOF (.tbss)))
                [!provide]                        PROVIDE (__tls_size_align = (((__tls_size + __tls_align) - 0x1) & ~ ((__tls_align - 0x1))))
                [!provide]                        PROVIDE (__arm32_tls_tcb_offset = MAX (0x8, __tls_align))
                [!provide]                        PROVIDE (__arm64_tls_tcb_offset = MAX (0x10, __tls_align))

.bss            0x2000000c       0x68 load address 0x08002510
 *(.bss)
 *(.bss*)
 .bss.completed.1
                0x2000000c        0x1 D:/pnx/arm-none-eabi/arm-gnu-toolchain-13.3.rel1-mingw-w64-i686-arm-none-eabi/bin/../lib/gcc/arm-none-eabi/13.3.1/thumb/v7e-m+fp/hard/crtbegin.o
 *fill*         0x2000000d        0x3 
 .bss.object.0  0x20000010       0x18 D:/pnx/arm-none-eabi/arm-gnu-toolchain-13.3.rel1-mingw-w64-i686-arm-none-eabi/bin/../lib/gcc/arm-none-eabi/13.3.1/thumb/v7e-m+fp/hard/crtbegin.o
 .bss.uwTick    0x20000028        0x4 cmake/stm32cubemx/CMakeFiles/STM32_Drivers.dir/__/__/Drivers/STM32F4xx_HAL_Driver/Src/stm32f4xx_hal.c.obj
                0x20000028                uwTick
 .bss.htim9     0x2000002c       0x48 CMakeFiles/board.dir/Core/Src/tim.c.obj
                0x2000002c                htim9
 *(COMMON)
                0x20000074                        . = ALIGN (0x4)
                0x20000074                        _ebss = .
                0x20000074                        __bss_end__ = _ebss
                [!provide]                        PROVIDE (__bss_end = .)
                [!provide]                        PROVIDE (__non_tls_bss_start = ADDR (.bss))
                [!provide]                        PROVIDE (__bss_start = __tbss_start)
                [!provide]                        PROVIDE (__bss_size = (__bss_end - __bss_start))

._user_heap_stack
                0x20000074      0x604 load address 0x08002510
                0x20000078                        . = ALIGN (0x8)
 *fill*         0x20000074        0x4 
                [!provide]                        PROVIDE (end = .)
                0x20000078                        PROVIDE (_end = .)
                0x20000278                        . = (. + _Min_Heap_Size)
 *fill*         0x20000078      0x200 
                0x20000678                        . = (. + _Min_Stack_Size)
 *fill*         0x20000278      0x400 
                0x20000678                        . = ALIGN (0x8)

/DISCARD/
 libc.a:*(*)
 libm.a:*(*)
 libgcc.a:*(*)
OUTPUT(board.elf elf32-littlearm)
LOAD linker stubs

.ARM.attributes
                0x00000000       0x30
 .ARM.attributes
                0x00000000       0x22 D:/pnx/arm-none-eabi/arm-gnu-toolchain-13.3.rel1-mingw-w64-i686-arm-none-eabi/bin/../lib/gcc/arm-none-eabi/13.3.1/thumb/v7e-m+fp/hard/crti.o
 .ARM.attributes
                0x00000022       0x34 D:/pnx/arm-none-eabi/arm-gnu-toolchain-13.3.rel1-mingw-w64-i686-arm-none-eabi/bin/../lib/gcc/arm-none-eabi/13.3.1/thumb/v7e-m+fp/hard/crtbegin.o
 .ARM.attributes
                0x00000056       0x34 cmake/stm32cubemx/CMakeFiles/STM32_Drivers.dir/__/__/Core/Src/system_stm32f4xx.c.obj
 .ARM.attributes
                0x0000008a       0x34 cmake/stm32cubemx/CMakeFiles/STM32_Drivers.dir/__/__/Drivers/STM32F4xx_HAL_Driver/Src/stm32f4xx_hal_tim.c.obj
 .ARM.attributes
                0x000000be       0x34 cmake/stm32cubemx/CMakeFiles/STM32_Drivers.dir/__/__/Drivers/STM32F4xx_HAL_Driver/Src/stm32f4xx_hal_rcc.c.obj
 .ARM.attributes
                0x000000f2       0x34 cmake/stm32cubemx/CMakeFiles/STM32_Drivers.dir/__/__/Drivers/STM32F4xx_HAL_Driver/Src/stm32f4xx_hal_gpio.c.obj
 .ARM.attributes
                0x00000126       0x34 cmake/stm32cubemx/CMakeFiles/STM32_Drivers.dir/__/__/Drivers/STM32F4xx_HAL_Driver/Src/stm32f4xx_hal_cortex.c.obj
 .ARM.attributes
                0x0000015a       0x34 cmake/stm32cubemx/CMakeFiles/STM32_Drivers.dir/__/__/Drivers/STM32F4xx_HAL_Driver/Src/stm32f4xx_hal.c.obj
 .ARM.attributes
                0x0000018e       0x34 CMakeFiles/board.dir/Core/Src/main.c.obj
 .ARM.attributes
                0x000001c2       0x34 CMakeFiles/board.dir/Core/Src/gpio.c.obj
 .ARM.attributes
                0x000001f6       0x34 CMakeFiles/board.dir/Core/Src/tim.c.obj
 .ARM.attributes
                0x0000022a       0x34 CMakeFiles/board.dir/Core/Src/stm32f4xx_it.c.obj
 .ARM.attributes
                0x0000025e       0x34 CMakeFiles/board.dir/Core/Src/stm32f4xx_hal_msp.c.obj
 .ARM.attributes
                0x00000292       0x21 CMakeFiles/board.dir/startup_stm32f407xx.s.obj
 .ARM.attributes
                0x000002b3       0x22 D:/pnx/arm-none-eabi/arm-gnu-toolchain-13.3.rel1-mingw-w64-i686-arm-none-eabi/bin/../lib/gcc/arm-none-eabi/13.3.1/thumb/v7e-m+fp/hard\libgcc.a(_aeabi_uldivmod.o)
 .ARM.attributes
                0x000002d5       0x34 D:/pnx/arm-none-eabi/arm-gnu-toolchain-13.3.rel1-mingw-w64-i686-arm-none-eabi/bin/../lib/gcc/arm-none-eabi/13.3.1/thumb/v7e-m+fp/hard\libgcc.a(_udivmoddi4.o)
 .ARM.attributes
                0x00000309       0x22 D:/pnx/arm-none-eabi/arm-gnu-toolchain-13.3.rel1-mingw-w64-i686-arm-none-eabi/bin/../lib/gcc/arm-none-eabi/13.3.1/thumb/v7e-m+fp/hard\libgcc.a(_dvmd_tls.o)
 .ARM.attributes
                0x0000032b       0x34 D:/pnx/arm-none-eabi/arm-gnu-toolchain-13.3.rel1-mingw-w64-i686-arm-none-eabi/bin/../lib/gcc/arm-none-eabi/13.3.1/thumb/v7e-m+fp/hard\libg_nano.a(libc_a-memset.o)
 .ARM.attributes
                0x0000035f       0x34 D:/pnx/arm-none-eabi/arm-gnu-toolchain-13.3.rel1-mingw-w64-i686-arm-none-eabi/bin/../lib/gcc/arm-none-eabi/13.3.1/thumb/v7e-m+fp/hard\libg_nano.a(libc_a-init.o)
 .ARM.attributes
                0x00000393       0x34 D:/pnx/arm-none-eabi/arm-gnu-toolchain-13.3.rel1-mingw-w64-i686-arm-none-eabi/bin/../lib/gcc/arm-none-eabi/13.3.1/thumb/v7e-m+fp/hard/crtend.o
 .ARM.attributes
                0x000003c7       0x22 D:/pnx/arm-none-eabi/arm-gnu-toolchain-13.3.rel1-mingw-w64-i686-arm-none-eabi/bin/../lib/gcc/arm-none-eabi/13.3.1/thumb/v7e-m+fp/hard/crtn.o

.comment        0x00000000       0x45
 .comment       0x00000000       0x45 cmake/stm32cubemx/CMakeFiles/STM32_Drivers.dir/__/__/Core/Src/system_stm32f4xx.c.obj
                                 0x46 (size before relaxing)
 .comment       0x00000045       0x46 cmake/stm32cubemx/CMakeFiles/STM32_Drivers.dir/__/__/Drivers/STM32F4xx_HAL_Driver/Src/stm32f4xx_hal_tim.c.obj
 .comment       0x00000045       0x46 cmake/stm32cubemx/CMakeFiles/STM32_Drivers.dir/__/__/Drivers/STM32F4xx_HAL_Driver/Src/stm32f4xx_hal_rcc.c.obj
 .comment       0x00000045       0x46 cmake/stm32cubemx/CMakeFiles/STM32_Drivers.dir/__/__/Drivers/STM32F4xx_HAL_Driver/Src/stm32f4xx_hal_gpio.c.obj
 .comment       0x00000045       0x46 cmake/stm32cubemx/CMakeFiles/STM32_Drivers.dir/__/__/Drivers/STM32F4xx_HAL_Driver/Src/stm32f4xx_hal_cortex.c.obj
 .comment       0x00000045       0x46 cmake/stm32cubemx/CMakeFiles/STM32_Drivers.dir/__/__/Drivers/STM32F4xx_HAL_Driver/Src/stm32f4xx_hal.c.obj
 .comment       0x00000045       0x46 CMakeFiles/board.dir/Core/Src/main.c.obj
 .comment       0x00000045       0x46 CMakeFiles/board.dir/Core/Src/gpio.c.obj
 .comment       0x00000045       0x46 CMakeFiles/board.dir/Core/Src/tim.c.obj
 .comment       0x00000045       0x46 CMakeFiles/board.dir/Core/Src/stm32f4xx_it.c.obj
 .comment       0x00000045       0x46 CMakeFiles/board.dir/Core/Src/stm32f4xx_hal_msp.c.obj

.debug_info     0x00000000     0x71ac
 .debug_info    0x00000000      0x512 cmake/stm32cubemx/CMakeFiles/STM32_Drivers.dir/__/__/Core/Src/system_stm32f4xx.c.obj
 .debug_info    0x00000512     0x299d cmake/stm32cubemx/CMakeFiles/STM32_Drivers.dir/__/__/Drivers/STM32F4xx_HAL_Driver/Src/stm32f4xx_hal_tim.c.obj
 .debug_info    0x00002eaf      0x8c3 cmake/stm32cubemx/CMakeFiles/STM32_Drivers.dir/__/__/Drivers/STM32F4xx_HAL_Driver/Src/stm32f4xx_hal_rcc.c.obj
 .debug_info    0x00003772      0x6c3 cmake/stm32cubemx/CMakeFiles/STM32_Drivers.dir/__/__/Drivers/STM32F4xx_HAL_Driver/Src/stm32f4xx_hal_gpio.c.obj
 .debug_info    0x00003e35      0xd8c cmake/stm32cubemx/CMakeFiles/STM32_Drivers.dir/__/__/Drivers/STM32F4xx_HAL_Driver/Src/stm32f4xx_hal_cortex.c.obj
 .debug_info    0x00004bc1      0x944 cmake/stm32cubemx/CMakeFiles/STM32_Drivers.dir/__/__/Drivers/STM32F4xx_HAL_Driver/Src/stm32f4xx_hal.c.obj
 .debug_info    0x00005505      0xaf7 CMakeFiles/board.dir/Core/Src/main.c.obj
 .debug_info    0x00005ffc      0x284 CMakeFiles/board.dir/Core/Src/gpio.c.obj
 .debug_info    0x00006280      0xb81 CMakeFiles/board.dir/Core/Src/tim.c.obj
 .debug_info    0x00006e01      0x112 CMakeFiles/board.dir/Core/Src/stm32f4xx_it.c.obj
 .debug_info    0x00006f13      0x269 CMakeFiles/board.dir/Core/Src/stm32f4xx_hal_msp.c.obj
 .debug_info    0x0000717c       0x30 CMakeFiles/board.dir/startup_stm32f407xx.s.obj

.debug_abbrev   0x00000000     0x13ff
 .debug_abbrev  0x00000000      0x11a cmake/stm32cubemx/CMakeFiles/STM32_Drivers.dir/__/__/Core/Src/system_stm32f4xx.c.obj
 .debug_abbrev  0x0000011a      0x278 cmake/stm32cubemx/CMakeFiles/STM32_Drivers.dir/__/__/Drivers/STM32F4xx_HAL_Driver/Src/stm32f4xx_hal_tim.c.obj
 .debug_abbrev  0x00000392      0x2b7 cmake/stm32cubemx/CMakeFiles/STM32_Drivers.dir/__/__/Drivers/STM32F4xx_HAL_Driver/Src/stm32f4xx_hal_rcc.c.obj
 .debug_abbrev  0x00000649      0x1d4 cmake/stm32cubemx/CMakeFiles/STM32_Drivers.dir/__/__/Drivers/STM32F4xx_HAL_Driver/Src/stm32f4xx_hal_gpio.c.obj
 .debug_abbrev  0x0000081d      0x31d cmake/stm32cubemx/CMakeFiles/STM32_Drivers.dir/__/__/Drivers/STM32F4xx_HAL_Driver/Src/stm32f4xx_hal_cortex.c.obj
 .debug_abbrev  0x00000b3a      0x214 cmake/stm32cubemx/CMakeFiles/STM32_Drivers.dir/__/__/Drivers/STM32F4xx_HAL_Driver/Src/stm32f4xx_hal.c.obj
 .debug_abbrev  0x00000d4e      0x250 CMakeFiles/board.dir/Core/Src/main.c.obj
 .debug_abbrev  0x00000f9e       0xd8 CMakeFiles/board.dir/Core/Src/gpio.c.obj
 .debug_abbrev  0x00001076      0x21a CMakeFiles/board.dir/Core/Src/tim.c.obj
 .debug_abbrev  0x00001290       0x73 CMakeFiles/board.dir/Core/Src/stm32f4xx_it.c.obj
 .debug_abbrev  0x00001303       0xd8 CMakeFiles/board.dir/Core/Src/stm32f4xx_hal_msp.c.obj
 .debug_abbrev  0x000013db       0x24 CMakeFiles/board.dir/startup_stm32f407xx.s.obj

.debug_aranges  0x00000000      0x828
 .debug_aranges
                0x00000000       0x28 cmake/stm32cubemx/CMakeFiles/STM32_Drivers.dir/__/__/Core/Src/system_stm32f4xx.c.obj
 .debug_aranges
                0x00000028      0x3d0 cmake/stm32cubemx/CMakeFiles/STM32_Drivers.dir/__/__/Drivers/STM32F4xx_HAL_Driver/Src/stm32f4xx_hal_tim.c.obj
 .debug_aranges
                0x000003f8       0x88 cmake/stm32cubemx/CMakeFiles/STM32_Drivers.dir/__/__/Drivers/STM32F4xx_HAL_Driver/Src/stm32f4xx_hal_rcc.c.obj
 .debug_aranges
                0x00000480       0x58 cmake/stm32cubemx/CMakeFiles/STM32_Drivers.dir/__/__/Drivers/STM32F4xx_HAL_Driver/Src/stm32f4xx_hal_gpio.c.obj
 .debug_aranges
                0x000004d8      0x130 cmake/stm32cubemx/CMakeFiles/STM32_Drivers.dir/__/__/Drivers/STM32F4xx_HAL_Driver/Src/stm32f4xx_hal_cortex.c.obj
 .debug_aranges
                0x00000608       0xf0 cmake/stm32cubemx/CMakeFiles/STM32_Drivers.dir/__/__/Drivers/STM32F4xx_HAL_Driver/Src/stm32f4xx_hal.c.obj
 .debug_aranges
                0x000006f8       0x30 CMakeFiles/board.dir/Core/Src/main.c.obj
 .debug_aranges
                0x00000728       0x20 CMakeFiles/board.dir/Core/Src/gpio.c.obj
 .debug_aranges
                0x00000748       0x38 CMakeFiles/board.dir/Core/Src/tim.c.obj
 .debug_aranges
                0x00000780       0x60 CMakeFiles/board.dir/Core/Src/stm32f4xx_it.c.obj
 .debug_aranges
                0x000007e0       0x20 CMakeFiles/board.dir/Core/Src/stm32f4xx_hal_msp.c.obj
 .debug_aranges
                0x00000800       0x28 CMakeFiles/board.dir/startup_stm32f407xx.s.obj

.debug_rnglists
                0x00000000      0x630
 .debug_rnglists
                0x00000000       0x1a cmake/stm32cubemx/CMakeFiles/STM32_Drivers.dir/__/__/Core/Src/system_stm32f4xx.c.obj
 .debug_rnglists
                0x0000001a      0x31a cmake/stm32cubemx/CMakeFiles/STM32_Drivers.dir/__/__/Drivers/STM32F4xx_HAL_Driver/Src/stm32f4xx_hal_tim.c.obj
 .debug_rnglists
                0x00000334       0x66 cmake/stm32cubemx/CMakeFiles/STM32_Drivers.dir/__/__/Drivers/STM32F4xx_HAL_Driver/Src/stm32f4xx_hal_rcc.c.obj
 .debug_rnglists
                0x0000039a       0x3f cmake/stm32cubemx/CMakeFiles/STM32_Drivers.dir/__/__/Drivers/STM32F4xx_HAL_Driver/Src/stm32f4xx_hal_gpio.c.obj
 .debug_rnglists
                0x000003d9       0xe0 cmake/stm32cubemx/CMakeFiles/STM32_Drivers.dir/__/__/Drivers/STM32F4xx_HAL_Driver/Src/stm32f4xx_hal_cortex.c.obj
 .debug_rnglists
                0x000004b9       0xaf cmake/stm32cubemx/CMakeFiles/STM32_Drivers.dir/__/__/Drivers/STM32F4xx_HAL_Driver/Src/stm32f4xx_hal.c.obj
 .debug_rnglists
                0x00000568       0x20 CMakeFiles/board.dir/Core/Src/main.c.obj
 .debug_rnglists
                0x00000588       0x13 CMakeFiles/board.dir/Core/Src/gpio.c.obj
 .debug_rnglists
                0x0000059b       0x26 CMakeFiles/board.dir/Core/Src/tim.c.obj
 .debug_rnglists
                0x000005c1       0x43 CMakeFiles/board.dir/Core/Src/stm32f4xx_it.c.obj
 .debug_rnglists
                0x00000604       0x13 CMakeFiles/board.dir/Core/Src/stm32f4xx_hal_msp.c.obj
 .debug_rnglists
                0x00000617       0x19 CMakeFiles/board.dir/startup_stm32f407xx.s.obj

.debug_macro    0x00000000    0x1fd6e
 .debug_macro   0x00000000      0x1c4 cmake/stm32cubemx/CMakeFiles/STM32_Drivers.dir/__/__/Core/Src/system_stm32f4xx.c.obj
 .debug_macro   0x000001c4      0xad8 cmake/stm32cubemx/CMakeFiles/STM32_Drivers.dir/__/__/Core/Src/system_stm32f4xx.c.obj
 .debug_macro   0x00000c9c       0x2e cmake/stm32cubemx/CMakeFiles/STM32_Drivers.dir/__/__/Core/Src/system_stm32f4xx.c.obj
 .debug_macro   0x00000cca       0x2f cmake/stm32cubemx/CMakeFiles/STM32_Drivers.dir/__/__/Core/Src/system_stm32f4xx.c.obj
 .debug_macro   0x00000cf9       0x22 cmake/stm32cubemx/CMakeFiles/STM32_Drivers.dir/__/__/Core/Src/system_stm32f4xx.c.obj
 .debug_macro   0x00000d1b       0x8e cmake/stm32cubemx/CMakeFiles/STM32_Drivers.dir/__/__/Core/Src/system_stm32f4xx.c.obj
 .debug_macro   0x00000da9       0x51 cmake/stm32cubemx/CMakeFiles/STM32_Drivers.dir/__/__/Core/Src/system_stm32f4xx.c.obj
 .debug_macro   0x00000dfa      0x103 cmake/stm32cubemx/CMakeFiles/STM32_Drivers.dir/__/__/Core/Src/system_stm32f4xx.c.obj
 .debug_macro   0x00000efd       0x6a cmake/stm32cubemx/CMakeFiles/STM32_Drivers.dir/__/__/Core/Src/system_stm32f4xx.c.obj
 .debug_macro   0x00000f67      0x1df cmake/stm32cubemx/CMakeFiles/STM32_Drivers.dir/__/__/Core/Src/system_stm32f4xx.c.obj
 .debug_macro   0x00001146       0x1c cmake/stm32cubemx/CMakeFiles/STM32_Drivers.dir/__/__/Core/Src/system_stm32f4xx.c.obj
 .debug_macro   0x00001162       0x22 cmake/stm32cubemx/CMakeFiles/STM32_Drivers.dir/__/__/Core/Src/system_stm32f4xx.c.obj
 .debug_macro   0x00001184       0xfb cmake/stm32cubemx/CMakeFiles/STM32_Drivers.dir/__/__/Core/Src/system_stm32f4xx.c.obj
 .debug_macro   0x0000127f     0x1011 cmake/stm32cubemx/CMakeFiles/STM32_Drivers.dir/__/__/Core/Src/system_stm32f4xx.c.obj
 .debug_macro   0x00002290      0x11f cmake/stm32cubemx/CMakeFiles/STM32_Drivers.dir/__/__/Core/Src/system_stm32f4xx.c.obj
 .debug_macro   0x000023af    0x15ea5 cmake/stm32cubemx/CMakeFiles/STM32_Drivers.dir/__/__/Core/Src/system_stm32f4xx.c.obj
 .debug_macro   0x00018254       0x6d cmake/stm32cubemx/CMakeFiles/STM32_Drivers.dir/__/__/Core/Src/system_stm32f4xx.c.obj
 .debug_macro   0x000182c1      0x295 cmake/stm32cubemx/CMakeFiles/STM32_Drivers.dir/__/__/Core/Src/system_stm32f4xx.c.obj
 .debug_macro   0x00018556     0x3693 cmake/stm32cubemx/CMakeFiles/STM32_Drivers.dir/__/__/Core/Src/system_stm32f4xx.c.obj
 .debug_macro   0x0001bbe9      0x190 cmake/stm32cubemx/CMakeFiles/STM32_Drivers.dir/__/__/Core/Src/system_stm32f4xx.c.obj
 .debug_macro   0x0001bd79       0x5c cmake/stm32cubemx/CMakeFiles/STM32_Drivers.dir/__/__/Core/Src/system_stm32f4xx.c.obj
 .debug_macro   0x0001bdd5      0x980 cmake/stm32cubemx/CMakeFiles/STM32_Drivers.dir/__/__/Core/Src/system_stm32f4xx.c.obj
 .debug_macro   0x0001c755      0x9e9 cmake/stm32cubemx/CMakeFiles/STM32_Drivers.dir/__/__/Core/Src/system_stm32f4xx.c.obj
 .debug_macro   0x0001d13e      0x115 cmake/stm32cubemx/CMakeFiles/STM32_Drivers.dir/__/__/Core/Src/system_stm32f4xx.c.obj
 .debug_macro   0x0001d253      0x13e cmake/stm32cubemx/CMakeFiles/STM32_Drivers.dir/__/__/Core/Src/system_stm32f4xx.c.obj
 .debug_macro   0x0001d391       0xa5 cmake/stm32cubemx/CMakeFiles/STM32_Drivers.dir/__/__/Core/Src/system_stm32f4xx.c.obj
 .debug_macro   0x0001d436      0x174 cmake/stm32cubemx/CMakeFiles/STM32_Drivers.dir/__/__/Core/Src/system_stm32f4xx.c.obj
 .debug_macro   0x0001d5aa      0x287 cmake/stm32cubemx/CMakeFiles/STM32_Drivers.dir/__/__/Core/Src/system_stm32f4xx.c.obj
 .debug_macro   0x0001d831       0x5f cmake/stm32cubemx/CMakeFiles/STM32_Drivers.dir/__/__/Core/Src/system_stm32f4xx.c.obj
 .debug_macro   0x0001d890      0x236 cmake/stm32cubemx/CMakeFiles/STM32_Drivers.dir/__/__/Core/Src/system_stm32f4xx.c.obj
 .debug_macro   0x0001dac6      0x12c cmake/stm32cubemx/CMakeFiles/STM32_Drivers.dir/__/__/Core/Src/system_stm32f4xx.c.obj
 .debug_macro   0x0001dbf2      0x21e cmake/stm32cubemx/CMakeFiles/STM32_Drivers.dir/__/__/Core/Src/system_stm32f4xx.c.obj
 .debug_macro   0x0001de10       0x2e cmake/stm32cubemx/CMakeFiles/STM32_Drivers.dir/__/__/Core/Src/system_stm32f4xx.c.obj
 .debug_macro   0x0001de3e      0x127 cmake/stm32cubemx/CMakeFiles/STM32_Drivers.dir/__/__/Core/Src/system_stm32f4xx.c.obj
 .debug_macro   0x0001df65       0x7e cmake/stm32cubemx/CMakeFiles/STM32_Drivers.dir/__/__/Core/Src/system_stm32f4xx.c.obj
 .debug_macro   0x0001dfe3       0x89 cmake/stm32cubemx/CMakeFiles/STM32_Drivers.dir/__/__/Core/Src/system_stm32f4xx.c.obj
 .debug_macro   0x0001e06c      0x8ed cmake/stm32cubemx/CMakeFiles/STM32_Drivers.dir/__/__/Core/Src/system_stm32f4xx.c.obj
 .debug_macro   0x0001e959       0x4d cmake/stm32cubemx/CMakeFiles/STM32_Drivers.dir/__/__/Core/Src/system_stm32f4xx.c.obj
 .debug_macro   0x0001e9a6      0x12d cmake/stm32cubemx/CMakeFiles/STM32_Drivers.dir/__/__/Core/Src/system_stm32f4xx.c.obj
 .debug_macro   0x0001ead3      0x1c5 cmake/stm32cubemx/CMakeFiles/STM32_Drivers.dir/__/__/Drivers/STM32F4xx_HAL_Driver/Src/stm32f4xx_hal_tim.c.obj
 .debug_macro   0x0001ec98      0x1e8 cmake/stm32cubemx/CMakeFiles/STM32_Drivers.dir/__/__/Drivers/STM32F4xx_HAL_Driver/Src/stm32f4xx_hal_rcc.c.obj
 .debug_macro   0x0001ee80      0x1ca cmake/stm32cubemx/CMakeFiles/STM32_Drivers.dir/__/__/Drivers/STM32F4xx_HAL_Driver/Src/stm32f4xx_hal_gpio.c.obj
 .debug_macro   0x0001f04a      0x1c4 cmake/stm32cubemx/CMakeFiles/STM32_Drivers.dir/__/__/Drivers/STM32F4xx_HAL_Driver/Src/stm32f4xx_hal_cortex.c.obj
 .debug_macro   0x0001f20e      0x224 cmake/stm32cubemx/CMakeFiles/STM32_Drivers.dir/__/__/Drivers/STM32F4xx_HAL_Driver/Src/stm32f4xx_hal.c.obj
 .debug_macro   0x0001f432      0x1e6 CMakeFiles/board.dir/Core/Src/main.c.obj
 .debug_macro   0x0001f618      0x1d8 CMakeFiles/board.dir/Core/Src/gpio.c.obj
 .debug_macro   0x0001f7f0      0x1d8 CMakeFiles/board.dir/Core/Src/tim.c.obj
 .debug_macro   0x0001f9c8      0x1d8 CMakeFiles/board.dir/Core/Src/stm32f4xx_it.c.obj
 .debug_macro   0x0001fba0      0x1ce CMakeFiles/board.dir/Core/Src/stm32f4xx_hal_msp.c.obj

.debug_line     0x00000000     0x913b
 .debug_line    0x00000000      0x72b cmake/stm32cubemx/CMakeFiles/STM32_Drivers.dir/__/__/Core/Src/system_stm32f4xx.c.obj
 .debug_line    0x0000072b     0x371c cmake/stm32cubemx/CMakeFiles/STM32_Drivers.dir/__/__/Drivers/STM32F4xx_HAL_Driver/Src/stm32f4xx_hal_tim.c.obj
 .debug_line    0x00003e47      0xdb6 cmake/stm32cubemx/CMakeFiles/STM32_Drivers.dir/__/__/Drivers/STM32F4xx_HAL_Driver/Src/stm32f4xx_hal_rcc.c.obj
 .debug_line    0x00004bfd      0xaff cmake/stm32cubemx/CMakeFiles/STM32_Drivers.dir/__/__/Drivers/STM32F4xx_HAL_Driver/Src/stm32f4xx_hal_gpio.c.obj
 .debug_line    0x000056fc      0xc77 cmake/stm32cubemx/CMakeFiles/STM32_Drivers.dir/__/__/Drivers/STM32F4xx_HAL_Driver/Src/stm32f4xx_hal_cortex.c.obj
 .debug_line    0x00006373      0x9a7 cmake/stm32cubemx/CMakeFiles/STM32_Drivers.dir/__/__/Drivers/STM32F4xx_HAL_Driver/Src/stm32f4xx_hal.c.obj
 .debug_line    0x00006d1a      0x76c CMakeFiles/board.dir/Core/Src/main.c.obj
 .debug_line    0x00007486      0x6b3 CMakeFiles/board.dir/Core/Src/gpio.c.obj
 .debug_line    0x00007b39      0x76f CMakeFiles/board.dir/Core/Src/tim.c.obj
 .debug_line    0x000082a8      0x764 CMakeFiles/board.dir/Core/Src/stm32f4xx_it.c.obj
 .debug_line    0x00008a0c      0x6b5 CMakeFiles/board.dir/Core/Src/stm32f4xx_hal_msp.c.obj
 .debug_line    0x000090c1       0x7a CMakeFiles/board.dir/startup_stm32f407xx.s.obj

.debug_str      0x00000000    0xc4bc8
 .debug_str     0x00000000    0xc4bc8 cmake/stm32cubemx/CMakeFiles/STM32_Drivers.dir/__/__/Core/Src/system_stm32f4xx.c.obj
                              0xc2248 (size before relaxing)
 .debug_str     0x000c4bc8    0xc35d2 cmake/stm32cubemx/CMakeFiles/STM32_Drivers.dir/__/__/Drivers/STM32F4xx_HAL_Driver/Src/stm32f4xx_hal_tim.c.obj
 .debug_str     0x000c4bc8    0xc267c cmake/stm32cubemx/CMakeFiles/STM32_Drivers.dir/__/__/Drivers/STM32F4xx_HAL_Driver/Src/stm32f4xx_hal_rcc.c.obj
 .debug_str     0x000c4bc8    0xc23c3 cmake/stm32cubemx/CMakeFiles/STM32_Drivers.dir/__/__/Drivers/STM32F4xx_HAL_Driver/Src/stm32f4xx_hal_gpio.c.obj
 .debug_str     0x000c4bc8    0xc2b48 cmake/stm32cubemx/CMakeFiles/STM32_Drivers.dir/__/__/Drivers/STM32F4xx_HAL_Driver/Src/stm32f4xx_hal_cortex.c.obj
 .debug_str     0x000c4bc8    0xc2dcc cmake/stm32cubemx/CMakeFiles/STM32_Drivers.dir/__/__/Drivers/STM32F4xx_HAL_Driver/Src/stm32f4xx_hal.c.obj
 .debug_str     0x000c4bc8    0xc28ba CMakeFiles/board.dir/Core/Src/main.c.obj
 .debug_str     0x000c4bc8    0xc2198 CMakeFiles/board.dir/Core/Src/gpio.c.obj
 .debug_str     0x000c4bc8    0xc2913 CMakeFiles/board.dir/Core/Src/tim.c.obj
 .debug_str     0x000c4bc8    0xc211e CMakeFiles/board.dir/Core/Src/stm32f4xx_it.c.obj
 .debug_str     0x000c4bc8    0xc2198 CMakeFiles/board.dir/Core/Src/stm32f4xx_hal_msp.c.obj
 .debug_str     0x000c4bc8       0xaa CMakeFiles/board.dir/startup_stm32f407xx.s.obj

.debug_frame    0x00000000     0x2108
 .debug_frame   0x00000000       0x58 cmake/stm32cubemx/CMakeFiles/STM32_Drivers.dir/__/__/Core/Src/system_stm32f4xx.c.obj
 .debug_frame   0x00000058     0x11c0 cmake/stm32cubemx/CMakeFiles/STM32_Drivers.dir/__/__/Drivers/STM32F4xx_HAL_Driver/Src/stm32f4xx_hal_tim.c.obj
 .debug_frame   0x00001218      0x1f4 cmake/stm32cubemx/CMakeFiles/STM32_Drivers.dir/__/__/Drivers/STM32F4xx_HAL_Driver/Src/stm32f4xx_hal_rcc.c.obj
 .debug_frame   0x0000140c      0x14c cmake/stm32cubemx/CMakeFiles/STM32_Drivers.dir/__/__/Drivers/STM32F4xx_HAL_Driver/Src/stm32f4xx_hal_gpio.c.obj
 .debug_frame   0x00001558      0x508 cmake/stm32cubemx/CMakeFiles/STM32_Drivers.dir/__/__/Drivers/STM32F4xx_HAL_Driver/Src/stm32f4xx_hal_cortex.c.obj
 .debug_frame   0x00001a60      0x374 cmake/stm32cubemx/CMakeFiles/STM32_Drivers.dir/__/__/Drivers/STM32F4xx_HAL_Driver/Src/stm32f4xx_hal.c.obj
 .debug_frame   0x00001dd4       0x6c CMakeFiles/board.dir/Core/Src/main.c.obj
 .debug_frame   0x00001e40       0x38 CMakeFiles/board.dir/Core/Src/gpio.c.obj
 .debug_frame   0x00001e78       0xa8 CMakeFiles/board.dir/Core/Src/tim.c.obj
 .debug_frame   0x00001f20      0x104 CMakeFiles/board.dir/Core/Src/stm32f4xx_it.c.obj
 .debug_frame   0x00002024       0x38 CMakeFiles/board.dir/Core/Src/stm32f4xx_hal_msp.c.obj
 .debug_frame   0x0000205c       0x2c D:/pnx/arm-none-eabi/arm-gnu-toolchain-13.3.rel1-mingw-w64-i686-arm-none-eabi/bin/../lib/gcc/arm-none-eabi/13.3.1/thumb/v7e-m+fp/hard\libgcc.a(_aeabi_uldivmod.o)
 .debug_frame   0x00002088       0x34 D:/pnx/arm-none-eabi/arm-gnu-toolchain-13.3.rel1-mingw-w64-i686-arm-none-eabi/bin/../lib/gcc/arm-none-eabi/13.3.1/thumb/v7e-m+fp/hard\libgcc.a(_udivmoddi4.o)
 .debug_frame   0x000020bc       0x20 D:/pnx/arm-none-eabi/arm-gnu-toolchain-13.3.rel1-mingw-w64-i686-arm-none-eabi/bin/../lib/gcc/arm-none-eabi/13.3.1/thumb/v7e-m+fp/hard\libg_nano.a(libc_a-memset.o)
 .debug_frame   0x000020dc       0x2c D:/pnx/arm-none-eabi/arm-gnu-toolchain-13.3.rel1-mingw-w64-i686-arm-none-eabi/bin/../lib/gcc/arm-none-eabi/13.3.1/thumb/v7e-m+fp/hard\libg_nano.a(libc_a-init.o)

.debug_line_str
                0x00000000      0x163
 .debug_line_str
                0x00000000      0x163 CMakeFiles/board.dir/startup_stm32f407xx.s.obj
                                 0x8e (size before relaxing)
 .debug_line_str
                0x00000163       0xc9 D:/pnx/arm-none-eabi/arm-gnu-toolchain-13.3.rel1-mingw-w64-i686-arm-none-eabi/bin/../lib/gcc/arm-none-eabi/13.3.1/thumb/v7e-m+fp/hard\libgcc.a(_aeabi_uldivmod.o)
 .debug_line_str
                0x00000163       0xcd D:/pnx/arm-none-eabi/arm-gnu-toolchain-13.3.rel1-mingw-w64-i686-arm-none-eabi/bin/../lib/gcc/arm-none-eabi/13.3.1/thumb/v7e-m+fp/hard\libgcc.a(_dvmd_tls.o)
